// Jest Snapshot v1, https://goo.gl/fbAQLP

exports[`installs skitch path sqitch install 1`] = `
Array [
  "deploy",
  "Makefile",
  "myproject.control",
  "package.json",
  "revert",
  "sqitch.conf",
  "sqitch.plan",
  "sql",
  "test",
  "test/utils",
  "test/utils/index.js",
  "verify",
]
`;

exports[`installs skitch path sqitch install 2`] = `
Array [
  "bootstrap-roles.sql",
  "docker-compose.yml",
  "Makefile",
  "myproject",
  "myproject/deploy",
  "myproject/Makefile",
  "myproject/myproject.control",
  "myproject/package.json",
  "myproject/revert",
  "myproject/sqitch.conf",
  "myproject/sqitch.plan",
  "myproject/sql",
  "myproject/test",
  "myproject/test/utils",
  "myproject/test/utils/index.js",
  "myproject/verify",
  "node_modules",
  "node_modules/skitch-ext-verify",
  "node_modules/skitch-ext-verify/deploy",
  "node_modules/skitch-ext-verify/deploy/procedures",
  "node_modules/skitch-ext-verify/deploy/procedures/verify_constraint.sql",
  "node_modules/skitch-ext-verify/deploy/procedures/verify_domain.sql",
  "node_modules/skitch-ext-verify/deploy/procedures/verify_extension.sql",
  "node_modules/skitch-ext-verify/deploy/procedures/verify_function.sql",
  "node_modules/skitch-ext-verify/deploy/procedures/verify_index.sql",
  "node_modules/skitch-ext-verify/deploy/procedures/verify_membership.sql",
  "node_modules/skitch-ext-verify/deploy/procedures/verify_policy.sql",
  "node_modules/skitch-ext-verify/deploy/procedures/verify_role.sql",
  "node_modules/skitch-ext-verify/deploy/procedures/verify_schema.sql",
  "node_modules/skitch-ext-verify/deploy/procedures/verify_security.sql",
  "node_modules/skitch-ext-verify/deploy/procedures/verify_table_grant.sql",
  "node_modules/skitch-ext-verify/deploy/procedures/verify_table.sql",
  "node_modules/skitch-ext-verify/deploy/procedures/verify_trigger.sql",
  "node_modules/skitch-ext-verify/deploy/procedures/verify_type.sql",
  "node_modules/skitch-ext-verify/deploy/procedures/verify_view.sql",
  "node_modules/skitch-ext-verify/Makefile",
  "node_modules/skitch-ext-verify/package.json",
  "node_modules/skitch-ext-verify/revert",
  "node_modules/skitch-ext-verify/revert/procedures",
  "node_modules/skitch-ext-verify/revert/procedures/verify_constraint.sql",
  "node_modules/skitch-ext-verify/revert/procedures/verify_domain.sql",
  "node_modules/skitch-ext-verify/revert/procedures/verify_extension.sql",
  "node_modules/skitch-ext-verify/revert/procedures/verify_function.sql",
  "node_modules/skitch-ext-verify/revert/procedures/verify_index.sql",
  "node_modules/skitch-ext-verify/revert/procedures/verify_membership.sql",
  "node_modules/skitch-ext-verify/revert/procedures/verify_policy.sql",
  "node_modules/skitch-ext-verify/revert/procedures/verify_role.sql",
  "node_modules/skitch-ext-verify/revert/procedures/verify_schema.sql",
  "node_modules/skitch-ext-verify/revert/procedures/verify_security.sql",
  "node_modules/skitch-ext-verify/revert/procedures/verify_table_grant.sql",
  "node_modules/skitch-ext-verify/revert/procedures/verify_table.sql",
  "node_modules/skitch-ext-verify/revert/procedures/verify_trigger.sql",
  "node_modules/skitch-ext-verify/revert/procedures/verify_type.sql",
  "node_modules/skitch-ext-verify/revert/procedures/verify_view.sql",
  "node_modules/skitch-ext-verify/skitch-ext-verify.control",
  "node_modules/skitch-ext-verify/sqitch.conf",
  "node_modules/skitch-ext-verify/sqitch.plan",
  "node_modules/skitch-ext-verify/sql",
  "node_modules/skitch-ext-verify/sql/skitch-ext-verify--0.0.1.sql",
  "node_modules/skitch-ext-verify/verify",
  "node_modules/skitch-ext-verify/verify/procedures",
  "node_modules/skitch-ext-verify/verify/procedures/verify_constraint.sql",
  "node_modules/skitch-ext-verify/verify/procedures/verify_domain.sql",
  "node_modules/skitch-ext-verify/verify/procedures/verify_extension.sql",
  "node_modules/skitch-ext-verify/verify/procedures/verify_function.sql",
  "node_modules/skitch-ext-verify/verify/procedures/verify_index.sql",
  "node_modules/skitch-ext-verify/verify/procedures/verify_membership.sql",
  "node_modules/skitch-ext-verify/verify/procedures/verify_policy.sql",
  "node_modules/skitch-ext-verify/verify/procedures/verify_role.sql",
  "node_modules/skitch-ext-verify/verify/procedures/verify_schema.sql",
  "node_modules/skitch-ext-verify/verify/procedures/verify_security.sql",
  "node_modules/skitch-ext-verify/verify/procedures/verify_table_grant.sql",
  "node_modules/skitch-ext-verify/verify/procedures/verify_table.sql",
  "node_modules/skitch-ext-verify/verify/procedures/verify_trigger.sql",
  "node_modules/skitch-ext-verify/verify/procedures/verify_type.sql",
  "node_modules/skitch-ext-verify/verify/procedures/verify_view.sql",
  "package-lock.json",
  "package.json",
  "packages",
  "packages/install.sh",
  "readme.md",
  "skitch.json",
]
`;
